// Jest Snapshot v1, https://goo.gl/fbAQLP

exports[`should render successfully 1`] = `
<DocumentFragment>
  <p>
    Hey!
  </p>
</DocumentFragment>
`;
