// Jest Snapshot v1, https://goo.gl/fbAQLP

exports[`should render successfully 1`] = `
<DocumentFragment>
  .emotion-0 {
  margin: 0;
  font-family: "Roboto","Helvetica","Arial",sans-serif;
  font-weight: 400;
  font-size: 1rem;
  line-height: 1.5;
  letter-spacing: 0.00938em;
}

<p
    class="MuiTypography-root MuiTypography-body1 emotion-0"
  >
    Hey!
  </p>
</DocumentFragment>
`;
